python : WARNING: All log 
messages before 
absl::InitializeLog() is 
called are written to STDERR
At line:1 char:1
+ python 
backend/test_gemini.py 2>&1 
| Out-File -FilePath 
test_output.t ...
+ ~~~~~~~~~~~~~~~~~~~~~~~~~~
~~~~~~~~
    + CategoryInfo          
    : NotSpecified: (WARNI  
  NG: All lo...itten to S   
 TDERR:String) [], Remot    
eException
    + FullyQualifiedErrorId 
    : NativeCommandError
 
E0000 
00:00:1763810435.506830   
21780 
alts_credentials.cc:93] 
ALTS creds ignored. Not 
running on GCP and 
untrusted ALTS is not 
enabled.
Testing which Gemini models work with your API key...

Traceback (most recent call 
last):
  File "D:\chemicalanalyzer\
backend\test_gemini.py", 
line 33, in <module>
    response = 
model.generate_content("Say 
'OK'")
               ^^^^^^^^^^^^^
^^^^^^^^^^^^^^^^^^^^^
  File "C:\Users\LAKSHMI NAR
AYANA\AppData\Local\Programs
\Python\Python312\Lib\site-p
ackages\google\generativeai\
generative_models.py", line 
331, in generate_content
    response = self._client.
generate_content(
               ^^^^^^^^^^^^^
^^^^^^^^^^^^^^^^^
  File "C:\Users\LAKSHMI NAR
AYANA\AppData\Local\Programs
\Python\Python312\Lib\site-p
ackages\google\ai\generative
language_v1beta\services\gen
erative_service\client.py", 
line 830, in 
generate_content
    response = rpc(
               ^^^^
  File "C:\Users\LAKSHMI NAR
AYANA\AppData\Local\Programs
\Python\Python312\Lib\site-p
ackages\google\api_core\gapi
c_v1\method.py", line 131, 
in __call__
    return 
wrapped_func(*args, 
**kwargs)
           ^^^^^^^^^^^^^^^^^
^^^^^^^^^^^^
  File "C:\Users\LAKSHMI NAR
AYANA\AppData\Local\Programs
\Python\Python312\Lib\site-p
ackages\google\api_core\retr
y\retry_unary.py", line 
294, in retry_wrapped_func
    return retry_target(
           ^^^^^^^^^^^^^
  File "C:\Users\LAKSHMI NAR
AYANA\AppData\Local\Programs
\Python\Python312\Lib\site-p
ackages\google\api_core\retr
y\retry_unary.py", line 
156, in retry_target
    next_sleep = 
_retry_error_helper(
                 
^^^^^^^^^^^^^^^^^^^^
  File "C:\Users\LAKSHMI NAR
AYANA\AppData\Local\Programs
\Python\Python312\Lib\site-p
ackages\google\api_core\retr
y\retry_base.py", line 214, 
in _retry_error_helper
    raise final_exc from 
source_exc
  File "C:\Users\LAKSHMI NAR
AYANA\AppData\Local\Programs
\Python\Python312\Lib\site-p
ackages\google\api_core\retr
y\retry_unary.py", line 
147, in retry_target
    result = target()
             ^^^^^^^^
  File "C:\Users\LAKSHMI NAR
AYANA\AppData\Local\Programs
\Python\Python312\Lib\site-p
ackages\google\api_core\time
out.py", line 130, in 
func_with_timeout
    return func(*args, 
**kwargs)
           
^^^^^^^^^^^^^^^^^^^^^
  File "C:\Users\LAKSHMI NAR
AYANA\AppData\Local\Programs
\Python\Python312\Lib\site-p
ackages\google\api_core\grpc
_helpers.py", line 77, in 
error_remapped_callable
    raise exceptions.from_gr
pc_error(exc) from exc
google.api_core.exceptions.I
nvalidArgument: 400 API key 
expired. Please renew the 
API key. [reason: 
"API_KEY_INVALID"
domain: "googleapis.com"
metadata {
  key: "service"
  value: "generativelanguage
.googleapis.com"
}
, locale: "en-US"
message: "API key expired. 
Please renew the API key."
]

During handling of the 
above exception, another 
exception occurred:

Traceback (most recent call 
last):
  File "D:\chemicalanalyzer\
backend\test_gemini.py", 
line 40, in <module>
    print(f"\u274c Error: 
{str(e)[:100]}")
  File "C:\Users\LAKSHMI NAR
AYANA\AppData\Local\Programs
\Python\Python312\Lib\encodi
ngs\cp1252.py", line 19, in 
encode
    return codecs.charmap_en
code(input,self.errors,encod
ing_table)[0]
           ^^^^^^^^^^^^^^^^^
^^^^^^^^^^^^^^^^^^^^^^^^^^^^
^^^^^^^^^^
UnicodeEncodeError: 
'charmap' codec can't 
encode character '\u274c' 
in position 0: character 
maps to <undefined>
Testing gemini-2.0-flash-exp... 
